Loading supplied checkpoint at its original precision
001/100 V01: 35 tokens; 1.67s; 20.9 tok/s
002/100 V02: 28 tokens; 0.56s; 49.9 tok/s
003/100 V03: 26 tokens; 0.55s; 47.0 tok/s
004/100 V04: 26 tokens; 0.54s; 47.9 tok/s
005/100 V05: 29 tokens; 0.59s; 49.2 tok/s
006/100 V06: 29 tokens; 0.59s; 49.5 tok/s
007/100 V07: 41 tokens; 0.70s; 58.6 tok/s
008/100 V08: 27 tokens; 0.52s; 51.7 tok/s
009/100 V09: 25 tokens; 0.53s; 47.1 tok/s
010/100 V10: 23 tokens; 0.51s; 45.4 tok/s
011/100 V11: 30 tokens; 0.59s; 51.3 tok/s
012/100 V12: 33 tokens; 0.62s; 52.9 tok/s
013/100 V13: 30 tokens; 0.59s; 50.4 tok/s
014/100 V14: 34 tokens; 0.61s; 55.7 tok/s
015/100 V15: 34 tokens; 0.63s; 54.1 tok/s
016/100 V16: 34 tokens; 0.61s; 55.7 tok/s
017/100 V17: 35 tokens; 0.67s; 52.5 tok/s
018/100 V18: 31 tokens; 0.58s; 53.1 tok/s
019/100 V19: 33 tokens; 0.62s; 53.1 tok/s
020/100 V20: 28 tokens; 0.58s; 48.5 tok/s
021/100 V21: 26 tokens; 0.53s; 49.1 tok/s
022/100 V22: 33 tokens; 0.63s; 52.6 tok/s
023/100 V23: 38 tokens; 0.67s; 56.9 tok/s
024/100 V24: 32 tokens; 0.59s; 54.1 tok/s
025/100 V25: 35 tokens; 0.64s; 54.6 tok/s
026/100 V26: 27 tokens; 0.54s; 49.6 tok/s
027/100 V27: 34 tokens; 0.64s; 53.5 tok/s
028/100 V28: 32 tokens; 0.61s; 52.6 tok/s
029/100 V29: 30 tokens; 0.59s; 51.2 tok/s
030/100 V30: 25 tokens; 0.52s; 47.8 tok/s
031/100 V31: 31 tokens; 0.60s; 51.9 tok/s
032/100 V32: 32 tokens; 0.64s; 50.2 tok/s
033/100 V33: 30 tokens; 0.59s; 50.6 tok/s
034/100 V34: 32 tokens; 0.59s; 54.3 tok/s
035/100 V35: 38 tokens; 0.68s; 56.3 tok/s
036/100 V36: 34 tokens; 0.61s; 55.7 tok/s
037/100 V37: 31 tokens; 0.59s; 52.3 tok/s
038/100 V38: 14 tokens; 0.40s; 34.8 tok/s
039/100 V39: 41 tokens; 0.71s; 58.0 tok/s
040/100 V40: 35 tokens; 0.64s; 54.4 tok/s
041/100 V41: 43 tokens; 0.73s; 59.2 tok/s
042/100 V42: 36 tokens; 0.66s; 54.7 tok/s
043/100 V43: 33 tokens; 0.63s; 52.2 tok/s
044/100 V44: 28 tokens; 0.57s; 49.4 tok/s
045/100 V45: 31 tokens; 0.61s; 51.2 tok/s
046/100 V46: 46 tokens; 0.79s; 58.5 tok/s
047/100 V47: 28 tokens; 0.59s; 47.2 tok/s
048/100 V48: 42 tokens; 0.76s; 55.2 tok/s
049/100 V49: 31 tokens; 0.65s; 48.0 tok/s
050/100 V50: 34 tokens; 0.64s; 53.1 tok/s
051/100 C01: 16 tokens; 0.49s; 32.9 tok/s
052/100 C02: 34 tokens; 0.71s; 47.7 tok/s
053/100 C03: 23 tokens; 0.57s; 40.6 tok/s
054/100 C04: Generation did not stop at EOS within the token budget.
055/100 C05: 11 tokens; 0.41s; 26.5 tok/s
056/100 C06: 57 tokens; 0.96s; 59.3 tok/s
057/100 C07: 15 tokens; 0.44s; 34.0 tok/s
058/100 C08: 13 tokens; 0.43s; 30.2 tok/s
059/100 C09: 9 tokens; 0.40s; 22.5 tok/s
060/100 C10: 13 tokens; 0.42s; 31.1 tok/s
061/100 C11: 10 tokens; 0.39s; 25.3 tok/s
062/100 C12: 15 tokens; 0.46s; 32.4 tok/s
063/100 C13: Generation did not stop at EOS within the token budget.
064/100 C14: 13 tokens; 0.41s; 31.8 tok/s
065/100 C15: 18 tokens; 0.49s; 36.6 tok/s
066/100 C16: 10 tokens; 0.40s; 24.7 tok/s
067/100 C17: 28 tokens; 0.63s; 44.8 tok/s
068/100 C18: 10 tokens; 0.41s; 24.1 tok/s
069/100 C19: 25 tokens; 0.56s; 44.8 tok/s
070/100 C20: 14 tokens; 0.46s; 30.6 tok/s
071/100 C21: 26 tokens; 0.60s; 43.5 tok/s
072/100 C22: 24 tokens; 0.57s; 42.3 tok/s
073/100 C23: 11 tokens; 0.42s; 26.3 tok/s
074/100 C24: Generation did not stop at EOS within the token budget.
075/100 C25: 19 tokens; 0.51s; 37.3 tok/s
076/100 C26: 35 tokens; 0.67s; 51.9 tok/s
077/100 C27: 37 tokens; 0.70s; 52.5 tok/s
078/100 C28: 22 tokens; 0.54s; 40.5 tok/s
079/100 C29: 47 tokens; 0.80s; 59.1 tok/s
080/100 C30: 14 tokens; 0.45s; 31.0 tok/s
081/100 C31: 25 tokens; 0.55s; 45.5 tok/s
082/100 C32: 55 tokens; 0.90s; 61.3 tok/s
083/100 C33: 33 tokens; 0.65s; 50.7 tok/s
084/100 C34: Generation did not stop at EOS within the token budget.
085/100 C35: 30 tokens; 0.64s; 46.7 tok/s
086/100 C36: 43 tokens; 0.76s; 56.5 tok/s
087/100 C37: 29 tokens; 0.60s; 48.5 tok/s
088/100 C38: 68 tokens; 1.03s; 65.9 tok/s
089/100 C39: 17 tokens; 0.48s; 35.1 tok/s
090/100 C40: 22 tokens; 0.53s; 41.3 tok/s
091/100 C41: 41 tokens; 0.76s; 54.1 tok/s
092/100 C42: 44 tokens; 0.78s; 56.4 tok/s
093/100 C43: 26 tokens; 0.58s; 44.8 tok/s
094/100 C44: 21 tokens; 0.53s; 39.3 tok/s
095/100 C45: Generation did not stop at EOS within the token budget.
096/100 C46: 33 tokens; 0.65s; 50.7 tok/s
097/100 C47: 44 tokens; 0.79s; 55.6 tok/s
098/100 C48: 30 tokens; 0.63s; 47.3 tok/s
099/100 C49: 12 tokens; 0.44s; 27.4 tok/s
100/100 C50: 10 tokens; 0.40s; 24.8 tok/s
Completed all 100 attempts; 5 failures
